info: Microsoft.EntityFrameworkCore.Database.Command[20101]
      Executed DbCommand (22ms) [Parameters=[], CommandType='Text', CommandTimeout='30']
      SELECT 1
info: Microsoft.EntityFrameworkCore.Database.Command[20101]
      Executed DbCommand (30ms) [Parameters=[], CommandType='Text', CommandTimeout='30']
      SELECT CASE WHEN COUNT(*) = 0 THEN FALSE ELSE TRUE END
FROM pg_class AS cls
JOIN pg_namespace AS ns ON ns.oid = cls.relnamespace
WHERE
        cls.relkind IN ('r', 'v', 'm', 'f', 'p') AND
        ns.nspname NOT IN ('pg_catalog', 'information_schema') AND
        -- Exclude tables which are members of PG extensions
        NOT EXISTS (
            SELECT 1 FROM pg_depend WHERE
                classid=(
                    SELECT cls.oid
                    FROM pg_class AS cls
                             JOIN pg_namespace AS ns ON ns.oid = cls.relnamespace
                    WHERE relname='pg_class' AND ns.nspname='pg_catalog'
                ) AND
                objid=cls.oid AND
                deptype IN ('e', 'x')
        )
info: Microsoft.EntityFrameworkCore.Database.Command[20101]
      Executed DbCommand (0ms) [Parameters=[], CommandType='Text', CommandTimeout='30']
      SELECT 1
info: Microsoft.EntityFrameworkCore.Database.Command[20101]
      Executed DbCommand (1ms) [Parameters=[], CommandType='Text', CommandTimeout='30']
      SELECT CASE WHEN COUNT(*) = 0 THEN FALSE ELSE TRUE END
FROM pg_class AS cls
JOIN pg_namespace AS ns ON ns.oid = cls.relnamespace
WHERE
        cls.relkind IN ('r', 'v', 'm', 'f', 'p') AND
        ns.nspname NOT IN ('pg_catalog', 'information_schema') AND
        -- Exclude tables which are members of PG extensions
        NOT EXISTS (
            SELECT 1 FROM pg_depend WHERE
                classid=(
                    SELECT cls.oid
                    FROM pg_class AS cls
                             JOIN pg_namespace AS ns ON ns.oid = cls.relnamespace
                    WHERE relname='pg_class' AND ns.nspname='pg_catalog'
                ) AND
                objid=cls.oid AND
                deptype IN ('e', 'x')
        )
info: Microsoft.EntityFrameworkCore.Database.Command[20101]
      Executed DbCommand (8ms) [Parameters=[@s_Name='?'], CommandType='Text', CommandTimeout='30']
      SELECT EXISTS (
          SELECT 1
          FROM "Subjects" AS s
          WHERE s."Name" = @s_Name)
info: Microsoft.EntityFrameworkCore.Database.Command[20101]
      Executed DbCommand (0ms) [Parameters=[@s_Name='?'], CommandType='Text', CommandTimeout='30']
      SELECT EXISTS (
          SELECT 1
          FROM "Subjects" AS s
          WHERE s."Name" = @s_Name)
info: Microsoft.EntityFrameworkCore.Database.Command[20101]
      Executed DbCommand (0ms) [Parameters=[@s_Name='?'], CommandType='Text', CommandTimeout='30']
      SELECT EXISTS (
          SELECT 1
          FROM "Subjects" AS s
          WHERE s."Name" = @s_Name)
info: Microsoft.EntityFrameworkCore.Database.Command[20101]
      Executed DbCommand (0ms) [Parameters=[@s_Name='?'], CommandType='Text', CommandTimeout='30']
      SELECT EXISTS (
          SELECT 1
          FROM "Subjects" AS s
          WHERE s."Name" = @s_Name)
info: Microsoft.EntityFrameworkCore.Database.Command[20101]
      Executed DbCommand (0ms) [Parameters=[@s_Name='?'], CommandType='Text', CommandTimeout='30']
      SELECT EXISTS (
          SELECT 1
          FROM "Subjects" AS s
          WHERE s."Name" = @s_Name)
info: Microsoft.EntityFrameworkCore.Database.Command[20101]
      Executed DbCommand (0ms) [Parameters=[@s_Name='?'], CommandType='Text', CommandTimeout='30']
      SELECT EXISTS (
          SELECT 1
          FROM "Subjects" AS s
          WHERE s."Name" = @s_Name)
info: Microsoft.EntityFrameworkCore.Database.Command[20101]
      Executed DbCommand (1ms) [Parameters=[@adminEmail='?'], CommandType='Text', CommandTimeout='30']
      SELECT EXISTS (
          SELECT 1
          FROM "Users" AS u
          WHERE u."Email" = @adminEmail)
info: Microsoft.EntityFrameworkCore.Database.Command[20101]
      Executed DbCommand (1ms) [Parameters=[@key='?'], CommandType='Text', CommandTimeout='30']
      SELECT s."Id", s."IsAllowed", s."Role", s."ScreenKey"
      FROM "ScreenPermissions" AS s
      WHERE s."Role" = 'Manager' AND s."ScreenKey" = @key
      LIMIT 1
info: Microsoft.EntityFrameworkCore.Database.Command[20101]
      Executed DbCommand (0ms) [Parameters=[@key='?'], CommandType='Text', CommandTimeout='30']
      SELECT s."Id", s."IsAllowed", s."Role", s."ScreenKey"
      FROM "ScreenPermissions" AS s
      WHERE s."Role" = 'Manager' AND s."ScreenKey" = @key
      LIMIT 1
info: Microsoft.EntityFrameworkCore.Database.Command[20101]
      Executed DbCommand (0ms) [Parameters=[@key='?'], CommandType='Text', CommandTimeout='30']
      SELECT s."Id", s."IsAllowed", s."Role", s."ScreenKey"
      FROM "ScreenPermissions" AS s
      WHERE s."Role" = 'Manager' AND s."ScreenKey" = @key
      LIMIT 1
info: Microsoft.EntityFrameworkCore.Database.Command[20101]
      Executed DbCommand (0ms) [Parameters=[@key='?'], CommandType='Text', CommandTimeout='30']
      SELECT s."Id", s."IsAllowed", s."Role", s."ScreenKey"
      FROM "ScreenPermissions" AS s
      WHERE s."Role" = 'Manager' AND s."ScreenKey" = @key
      LIMIT 1
info: Microsoft.EntityFrameworkCore.Database.Command[20101]
      Executed DbCommand (0ms) [Parameters=[@key='?'], CommandType='Text', CommandTimeout='30']
      SELECT s."Id", s."IsAllowed", s."Role", s."ScreenKey"
      FROM "ScreenPermissions" AS s
      WHERE s."Role" = 'Manager' AND s."ScreenKey" = @key
      LIMIT 1
info: Microsoft.EntityFrameworkCore.Database.Command[20101]
      Executed DbCommand (0ms) [Parameters=[@key='?'], CommandType='Text', CommandTimeout='30']
      SELECT s."Id", s."IsAllowed", s."Role", s."ScreenKey"
      FROM "ScreenPermissions" AS s
      WHERE s."Role" = 'Manager' AND s."ScreenKey" = @key
      LIMIT 1
info: Microsoft.EntityFrameworkCore.Database.Command[20101]
      Executed DbCommand (0ms) [Parameters=[@key='?'], CommandType='Text', CommandTimeout='30']
      SELECT s."Id", s."IsAllowed", s."Role", s."ScreenKey"
      FROM "ScreenPermissions" AS s
      WHERE s."Role" = 'Manager' AND s."ScreenKey" = @key
      LIMIT 1
info: Microsoft.EntityFrameworkCore.Database.Command[20101]
      Executed DbCommand (0ms) [Parameters=[@key='?'], CommandType='Text', CommandTimeout='30']
      SELECT s."Id", s."IsAllowed", s."Role", s."ScreenKey"
      FROM "ScreenPermissions" AS s
      WHERE s."Role" = 'Manager' AND s."ScreenKey" = @key
      LIMIT 1
info: Microsoft.EntityFrameworkCore.Database.Command[20101]
      Executed DbCommand (0ms) [Parameters=[@key='?'], CommandType='Text', CommandTimeout='30']
      SELECT s."Id", s."IsAllowed", s."Role", s."ScreenKey"
      FROM "ScreenPermissions" AS s
      WHERE s."Role" = 'Manager' AND s."ScreenKey" = @key
      LIMIT 1
info: Microsoft.EntityFrameworkCore.Database.Command[20101]
      Executed DbCommand (0ms) [Parameters=[@key='?'], CommandType='Text', CommandTimeout='30']
      SELECT s."Id", s."IsAllowed", s."Role", s."ScreenKey"
      FROM "ScreenPermissions" AS s
      WHERE s."Role" = 'Teacher' AND s."ScreenKey" = @key
      LIMIT 1
info: Microsoft.EntityFrameworkCore.Database.Command[20101]
      Executed DbCommand (0ms) [Parameters=[@key='?'], CommandType='Text', CommandTimeout='30']
      SELECT s."Id", s."IsAllowed", s."Role", s."ScreenKey"
      FROM "ScreenPermissions" AS s
      WHERE s."Role" = 'Teacher' AND s."ScreenKey" = @key
      LIMIT 1
info: Microsoft.EntityFrameworkCore.Database.Command[20101]
      Executed DbCommand (0ms) [Parameters=[@key='?'], CommandType='Text', CommandTimeout='30']
      SELECT s."Id", s."IsAllowed", s."Role", s."ScreenKey"
      FROM "ScreenPermissions" AS s
      WHERE s."Role" = 'Teacher' AND s."ScreenKey" = @key
      LIMIT 1
info: Microsoft.EntityFrameworkCore.Database.Command[20101]
      Executed DbCommand (0ms) [Parameters=[@key='?'], CommandType='Text', CommandTimeout='30']
      SELECT s."Id", s."IsAllowed", s."Role", s."ScreenKey"
      FROM "ScreenPermissions" AS s
      WHERE s."Role" = 'Teacher' AND s."ScreenKey" = @key
      LIMIT 1
info: Microsoft.EntityFrameworkCore.Database.Command[20101]
      Executed DbCommand (0ms) [Parameters=[@key='?'], CommandType='Text', CommandTimeout='30']
      SELECT s."Id", s."IsAllowed", s."Role", s."ScreenKey"
      FROM "ScreenPermissions" AS s
      WHERE s."Role" = 'Teacher' AND s."ScreenKey" = @key
      LIMIT 1
info: Microsoft.EntityFrameworkCore.Database.Command[20101]
      Executed DbCommand (0ms) [Parameters=[@key='?'], CommandType='Text', CommandTimeout='30']
      SELECT s."Id", s."IsAllowed", s."Role", s."ScreenKey"
      FROM "ScreenPermissions" AS s
      WHERE s."Role" = 'Teacher' AND s."ScreenKey" = @key
      LIMIT 1
info: Microsoft.EntityFrameworkCore.Database.Command[20101]
      Executed DbCommand (0ms) [Parameters=[@key='?'], CommandType='Text', CommandTimeout='30']
      SELECT s."Id", s."IsAllowed", s."Role", s."ScreenKey"
      FROM "ScreenPermissions" AS s
      WHERE s."Role" = 'Teacher' AND s."ScreenKey" = @key
      LIMIT 1
info: Microsoft.EntityFrameworkCore.Database.Command[20101]
      Executed DbCommand (0ms) [Parameters=[@key='?'], CommandType='Text', CommandTimeout='30']
      SELECT s."Id", s."IsAllowed", s."Role", s."ScreenKey"
      FROM "ScreenPermissions" AS s
      WHERE s."Role" = 'Teacher' AND s."ScreenKey" = @key
      LIMIT 1
info: Microsoft.EntityFrameworkCore.Database.Command[20101]
      Executed DbCommand (0ms) [Parameters=[@key='?'], CommandType='Text', CommandTimeout='30']
      SELECT s."Id", s."IsAllowed", s."Role", s."ScreenKey"
      FROM "ScreenPermissions" AS s
      WHERE s."Role" = 'Teacher' AND s."ScreenKey" = @key
      LIMIT 1
info: Microsoft.EntityFrameworkCore.Database.Command[20101]
      Executed DbCommand (0ms) [Parameters=[], CommandType='Text', CommandTimeout='30']
      SELECT s."Id", s."Name"
      FROM "Subjects" AS s
info: Microsoft.EntityFrameworkCore.Database.Command[20101]
      Executed DbCommand (1ms) [Parameters=[], CommandType='Text', CommandTimeout='30']
      SELECT c."Id", c."EndDate", c."Name", c."SemesterId", c."StartDate", c."SubjectId", c."TeacherId", c."TuitionFee"
      FROM "Classes" AS c
RBAC and Subject config initialized successfully!
info: Microsoft.Hosting.Lifetime[14]
      Now listening on: http://localhost:5273
info: Microsoft.Hosting.Lifetime[0]
      Application started. Press Ctrl+C to shut down.
info: Microsoft.Hosting.Lifetime[0]
      Hosting environment: Development
info: Microsoft.Hosting.Lifetime[0]
      Content root path: D:\Work\WorkHome\QLStudy\QLStudy\Backend
warn: Microsoft.AspNetCore.HttpsPolicy.HttpsRedirectionMiddleware[3]
      Failed to determine the https port for redirect.
info: Microsoft.EntityFrameworkCore.Database.Command[20101]
      Executed DbCommand (8ms) [Parameters=[@request_Email='?'], CommandType='Text', CommandTimeout='30']
      SELECT u."Id", u."Email", u."FullName", u."PasswordHash", u."PhoneNumber", u."Role", u."Status", u."Token"
      FROM "Users" AS u
      WHERE u."Email" = @request_Email
      LIMIT 1
info: Microsoft.EntityFrameworkCore.Database.Command[20101]
      Executed DbCommand (2ms) [Parameters=[@p1='?' (DbType = Int32), @p0='?'], CommandType='Text', CommandTimeout='30']
      UPDATE "Users" SET "PasswordHash" = @p0
      WHERE "Id" = @p1;
info: Microsoft.EntityFrameworkCore.Database.Command[20101]
      Executed DbCommand (1ms) [Parameters=[@request_Email='?'], CommandType='Text', CommandTimeout='30']
      SELECT u."Id", u."Email", u."FullName", u."PasswordHash", u."PhoneNumber", u."Role", u."Status", u."Token"
      FROM "Users" AS u
      WHERE u."Email" = @request_Email
      LIMIT 1
info: Microsoft.EntityFrameworkCore.Database.Command[20101]
      Executed DbCommand (1ms) [Parameters=[@user_Role='?'], CommandType='Text', CommandTimeout='30']
      SELECT s."Id", s."IsAllowed", s."Role", s."ScreenKey"
      FROM "ScreenPermissions" AS s
      WHERE s."Role" = @user_Role
info: Microsoft.EntityFrameworkCore.Database.Command[20101]
      Executed DbCommand (1ms) [Parameters=[@userId='?' (DbType = Int32)], CommandType='Text', CommandTimeout='30']
      SELECT u1."Id", u1."Email", u1."FullName", u1."PasswordHash", u1."PhoneNumber", u1."Role", u1."Status", u1."Token", u0."UserId", u0."SubjectId"
      FROM (
          SELECT u."Id", u."Email", u."FullName", u."PasswordHash", u."PhoneNumber", u."Role", u."Status", u."Token"
          FROM "Users" AS u
          WHERE u."Id" = @userId AND u."Status" = 'Active'
          LIMIT 1
      ) AS u1
      LEFT JOIN "UserSubjects" AS u0 ON u1."Id" = u0."UserId"
      ORDER BY u1."Id", u0."UserId"
fail: Microsoft.EntityFrameworkCore.Database.Command[20102]
      Failed executing DbCommand (5ms) [Parameters=[@classId='?' (DbType = Int32), @parsedDate='?' (DbType = DateTime)], CommandType='Text', CommandTimeout='30']
      SELECT a."Id", a."ClassId", a."Date", a."Note", a."Status", a."StudentId", s."Id", s."Email", s."Name", s."PhoneNumber", s."StartMonth"
      FROM "Attendances" AS a
      INNER JOIN "Students" AS s ON a."StudentId" = s."Id"
      WHERE a."ClassId" = @classId AND date_trunc('day', a."Date", 'UTC') = @parsedDate
fail: Microsoft.EntityFrameworkCore.Query[10100]
      An exception occurred while iterating over the results of a query for context type 'QLStudy.API.Data.QLStudyDbContext'.
      System.ArgumentException: Cannot write DateTime with Kind=Unspecified to PostgreSQL type 'timestamp with time zone', only UTC is supported. Note that it's not possible to mix DateTimes with different Kinds in an array, range, or multirange. (Parameter 'value')
         at Npgsql.Internal.Converters.DateTimeConverterResolver`1.Get(DateTime value, Nullable`1 expectedPgTypeId, Boolean validateOnly)
         at Npgsql.Internal.Converters.DateTimeConverterResolver.<>c.<CreateResolver>b__0_0(DateTimeConverterResolver`1 resolver, DateTime value, Nullable`1 expectedPgTypeId)
         at Npgsql.Internal.Converters.DateTimeConverterResolver`1.Get(T value, Nullable`1 expectedPgTypeId)
         at Npgsql.Internal.PgConverterResolver`1.GetAsObjectInternal(PgTypeInfo typeInfo, Object value, Nullable`1 expectedPgTypeId)
         at Npgsql.Internal.PgResolverTypeInfo.GetResolutionAsObject(Object value, Nullable`1 expectedPgTypeId)
         at Npgsql.Internal.PgTypeInfo.GetObjectResolution(Object value)
         at Npgsql.NpgsqlParameter.ResolveConverter(PgTypeInfo typeInfo)
         at Npgsql.NpgsqlParameter.ResolveTypeInfo(PgSerializerOptions options, IDbTypeResolver dbTypeResolver)
         at Npgsql.NpgsqlParameterCollection.ProcessParameters(ReloadableState reloadableState, Boolean validateValues, CommandType commandType)
         at Npgsql.NpgsqlCommand.ExecuteReader(Boolean async, CommandBehavior behavior, CancellationToken cancellationToken)
         at Npgsql.NpgsqlCommand.ExecuteReader(Boolean async, CommandBehavior behavior, CancellationToken cancellationToken)
         at Npgsql.NpgsqlCommand.ExecuteDbDataReaderAsync(CommandBehavior behavior, CancellationToken cancellationToken)
         at Microsoft.EntityFrameworkCore.Storage.RelationalCommand.ExecuteReaderAsync(RelationalCommandParameterObject parameterObject, CancellationToken cancellationToken)
         at Microsoft.EntityFrameworkCore.Storage.RelationalCommand.ExecuteReaderAsync(RelationalCommandParameterObject parameterObject, CancellationToken cancellationToken)
         at Microsoft.EntityFrameworkCore.Query.Internal.SingleQueryingEnumerable`1.AsyncEnumerator.InitializeReaderAsync(AsyncEnumerator enumerator, CancellationToken cancellationToken)
         at Npgsql.EntityFrameworkCore.PostgreSQL.Storage.Internal.NpgsqlExecutionStrategy.ExecuteAsync[TState,TResult](TState state, Func`4 operation, Func`4 verifySucceeded, CancellationToken cancellationToken)
         at Microsoft.EntityFrameworkCore.Query.Internal.SingleQueryingEnumerable`1.AsyncEnumerator.MoveNextAsync()
      System.ArgumentException: Cannot write DateTime with Kind=Unspecified to PostgreSQL type 'timestamp with time zone', only UTC is supported. Note that it's not possible to mix DateTimes with different Kinds in an array, range, or multirange. (Parameter 'value')
         at Npgsql.Internal.Converters.DateTimeConverterResolver`1.Get(DateTime value, Nullable`1 expectedPgTypeId, Boolean validateOnly)
         at Npgsql.Internal.Converters.DateTimeConverterResolver.<>c.<CreateResolver>b__0_0(DateTimeConverterResolver`1 resolver, DateTime value, Nullable`1 expectedPgTypeId)
         at Npgsql.Internal.Converters.DateTimeConverterResolver`1.Get(T value, Nullable`1 expectedPgTypeId)
         at Npgsql.Internal.PgConverterResolver`1.GetAsObjectInternal(PgTypeInfo typeInfo, Object value, Nullable`1 expectedPgTypeId)
         at Npgsql.Internal.PgResolverTypeInfo.GetResolutionAsObject(Object value, Nullable`1 expectedPgTypeId)
         at Npgsql.Internal.PgTypeInfo.GetObjectResolution(Object value)
         at Npgsql.NpgsqlParameter.ResolveConverter(PgTypeInfo typeInfo)
         at Npgsql.NpgsqlParameter.ResolveTypeInfo(PgSerializerOptions options, IDbTypeResolver dbTypeResolver)
         at Npgsql.NpgsqlParameterCollection.ProcessParameters(ReloadableState reloadableState, Boolean validateValues, CommandType commandType)
         at Npgsql.NpgsqlCommand.ExecuteReader(Boolean async, CommandBehavior behavior, CancellationToken cancellationToken)
         at Npgsql.NpgsqlCommand.ExecuteReader(Boolean async, CommandBehavior behavior, CancellationToken cancellationToken)
         at Npgsql.NpgsqlCommand.ExecuteDbDataReaderAsync(CommandBehavior behavior, CancellationToken cancellationToken)
         at Microsoft.EntityFrameworkCore.Storage.RelationalCommand.ExecuteReaderAsync(RelationalCommandParameterObject parameterObject, CancellationToken cancellationToken)
         at Microsoft.EntityFrameworkCore.Storage.RelationalCommand.ExecuteReaderAsync(RelationalCommandParameterObject parameterObject, CancellationToken cancellationToken)
         at Microsoft.EntityFrameworkCore.Query.Internal.SingleQueryingEnumerable`1.AsyncEnumerator.InitializeReaderAsync(AsyncEnumerator enumerator, CancellationToken cancellationToken)
         at Npgsql.EntityFrameworkCore.PostgreSQL.Storage.Internal.NpgsqlExecutionStrategy.ExecuteAsync[TState,TResult](TState state, Func`4 operation, Func`4 verifySucceeded, CancellationToken cancellationToken)
         at Microsoft.EntityFrameworkCore.Query.Internal.SingleQueryingEnumerable`1.AsyncEnumerator.MoveNextAsync()
fail: Microsoft.AspNetCore.Diagnostics.DeveloperExceptionPageMiddleware[1]
      An unhandled exception has occurred while executing the request.
      System.ArgumentException: Cannot write DateTime with Kind=Unspecified to PostgreSQL type 'timestamp with time zone', only UTC is supported. Note that it's not possible to mix DateTimes with different Kinds in an array, range, or multirange. (Parameter 'value')
         at Npgsql.Internal.Converters.DateTimeConverterResolver`1.Get(DateTime value, Nullable`1 expectedPgTypeId, Boolean validateOnly)
         at Npgsql.Internal.Converters.DateTimeConverterResolver.<>c.<CreateResolver>b__0_0(DateTimeConverterResolver`1 resolver, DateTime value, Nullable`1 expectedPgTypeId)
         at Npgsql.Internal.Converters.DateTimeConverterResolver`1.Get(T value, Nullable`1 expectedPgTypeId)
         at Npgsql.Internal.PgConverterResolver`1.GetAsObjectInternal(PgTypeInfo typeInfo, Object value, Nullable`1 expectedPgTypeId)
         at Npgsql.Internal.PgResolverTypeInfo.GetResolutionAsObject(Object value, Nullable`1 expectedPgTypeId)
         at Npgsql.Internal.PgTypeInfo.GetObjectResolution(Object value)
         at Npgsql.NpgsqlParameter.ResolveConverter(PgTypeInfo typeInfo)
         at Npgsql.NpgsqlParameter.ResolveTypeInfo(PgSerializerOptions options, IDbTypeResolver dbTypeResolver)
         at Npgsql.NpgsqlParameterCollection.ProcessParameters(ReloadableState reloadableState, Boolean validateValues, CommandType commandType)
         at Npgsql.NpgsqlCommand.ExecuteReader(Boolean async, CommandBehavior behavior, CancellationToken cancellationToken)
         at Npgsql.NpgsqlCommand.ExecuteReader(Boolean async, CommandBehavior behavior, CancellationToken cancellationToken)
         at Npgsql.NpgsqlCommand.ExecuteDbDataReaderAsync(CommandBehavior behavior, CancellationToken cancellationToken)
         at Microsoft.EntityFrameworkCore.Storage.RelationalCommand.ExecuteReaderAsync(RelationalCommandParameterObject parameterObject, CancellationToken cancellationToken)
         at Microsoft.EntityFrameworkCore.Storage.RelationalCommand.ExecuteReaderAsync(RelationalCommandParameterObject parameterObject, CancellationToken cancellationToken)
         at Microsoft.EntityFrameworkCore.Query.Internal.SingleQueryingEnumerable`1.AsyncEnumerator.InitializeReaderAsync(AsyncEnumerator enumerator, CancellationToken cancellationToken)
         at Npgsql.EntityFrameworkCore.PostgreSQL.Storage.Internal.NpgsqlExecutionStrategy.ExecuteAsync[TState,TResult](TState state, Func`4 operation, Func`4 verifySucceeded, CancellationToken cancellationToken)
         at Microsoft.EntityFrameworkCore.Query.Internal.SingleQueryingEnumerable`1.AsyncEnumerator.MoveNextAsync()
         at Microsoft.EntityFrameworkCore.EntityFrameworkQueryableExtensions.ToListAsync[TSource](IQueryable`1 source, CancellationToken cancellationToken)
         at Microsoft.EntityFrameworkCore.EntityFrameworkQueryableExtensions.ToListAsync[TSource](IQueryable`1 source, CancellationToken cancellationToken)
         at QLStudy.API.Controllers.AttendanceController.GetAttendance(Int32 classId, String date) in D:\Work\WorkHome\QLStudy\QLStudy\Backend\Controllers\AttendanceController.cs:line 61
         at lambda_method363(Closure, Object)
         at Microsoft.AspNetCore.Mvc.Infrastructure.ActionMethodExecutor.AwaitableObjectResultExecutor.Execute(ActionContext actionContext, IActionResultTypeMapper mapper, ObjectMethodExecutor executor, Object controller, Object[] arguments)
         at Microsoft.AspNetCore.Mvc.Infrastructure.ControllerActionInvoker.<InvokeActionMethodAsync>g__Awaited|12_0(ControllerActionInvoker invoker, ValueTask`1 actionResultValueTask)
         at Microsoft.AspNetCore.Mvc.Infrastructure.ControllerActionInvoker.<InvokeNextActionFilterAsync>g__Awaited|10_0(ControllerActionInvoker invoker, Task lastTask, State next, Scope scope, Object state, Boolean isCompleted)
         at Microsoft.AspNetCore.Mvc.Infrastructure.ControllerActionInvoker.Rethrow(ActionExecutedContextSealed context)
         at Microsoft.AspNetCore.Mvc.Infrastructure.ControllerActionInvoker.Next(State& next, Scope& scope, Object& state, Boolean& isCompleted)
         at Microsoft.AspNetCore.Mvc.Infrastructure.ControllerActionInvoker.<InvokeInnerFilterAsync>g__Awaited|13_0(ControllerActionInvoker invoker, Task lastTask, State next, Scope scope, Object state, Boolean isCompleted)
         at Microsoft.AspNetCore.Mvc.Infrastructure.ResourceInvoker.<InvokeFilterPipelineAsync>g__Awaited|20_0(ResourceInvoker invoker, Task lastTask, State next, Scope scope, Object state, Boolean isCompleted)
         at Microsoft.AspNetCore.Mvc.Infrastructure.ResourceInvoker.<InvokeAsync>g__Awaited|17_0(ResourceInvoker invoker, Task task, IDisposable scope)
         at Microsoft.AspNetCore.Mvc.Infrastructure.ResourceInvoker.<InvokeAsync>g__Awaited|17_0(ResourceInvoker invoker, Task task, IDisposable scope)
         at Microsoft.AspNetCore.Authorization.AuthorizationMiddleware.Invoke(HttpContext context)
         at Microsoft.AspNetCore.Authentication.AuthenticationMiddleware.Invoke(HttpContext context)
         at Microsoft.AspNetCore.Diagnostics.DeveloperExceptionPageMiddlewareImpl.Invoke(HttpContext context)
